Turbo Assembler	 Version 4.1	    03/05/26 21:39:32	    Page 1
res.asm



      1				     ;==========================Settings======================================
      2				     .286
      3				     LOCALS @@
      4	0000			     .model tiny
      5	0000			     .code
      6				     org 100h
      7				     ;========================================================================
      8				     STOS_LINE	     macro sym,	clr, len
      9						     mov al, sym
     10						     mov ah, clr
     11						     mov cx, len
     12						     repne stosw ;ax ->	es:di
     13						     endm
     14				     ;========================================================================
     15	0100			     Start:
     16	0100			     Main	     proc
     17	0100  B8 3509				     mov ax, 3509h ;old	int addr table
     18	0103  CD 21				     int 21h ;return old int seg and ip
     19	0105  89 1E 216Dr			     mov Old_09_Ofs, bx
     20	0109  8C C3				     mov bx, es
     21	010B  89 1E 216Fr			     mov Old_09_Seg, bx
     22
     23	010F  B8 3508				     mov ax, 3508h ;old	int addr table
     24	0112  CD 21				     int 21h ;return old int seg and ip
     25	0114  89 1E 2196r			     mov Old_08_Ofs, bx
     26	0118  8C C3				     mov bx, es
     27	011A  89 1E 2198r			     mov Old_08_Seg, bx
     28
     29	011E  6A 00				     push 0
     30	0120  07				     pop es ;int table
     31
     32	0121  FA				     cli
     33	0122  BB 0024				     mov bx, 4 * 09h ;9	* 4bytes
     34	0125  26: C7 07	2104r			     mov es:[bx], offset New_09_Int
     35	012A  8C C8				     mov ax, cs
     36	012C  26: 89 47	02			     mov es:[bx	+ 2], ax ;swap interrupt
     37
     38	0130  BB 0020				     mov bx, 4 * 08h ;8	* 4bytes
     39	0133  26: C7 07	2172r			     mov es:[bx], offset New_08_Int
     40	0138  8C C8				     mov ax, cs
     41	013A  26: 89 47	02			     mov es:[bx	+ 2], ax ;swap interrupt
     42	013E  FB				     sti
     43
     44	013F  E8 2059				     call Copy_Buff ; first time copy vmem to safe
     45
     46	0142  B8 3100				     mov ax, 3100h ;save code in memory	and end_prog
     47	0145  BA 22F8r				     mov dx, offset End_Of_Prog
     48	0148  C1 EA 04				     shr dx, 4
     49	014B  42				     inc dx
     50	014C  CD 21				     int 21h
     51
     52	014E					     endp
     53				     ;=========================================================================
     54
     55				     ;============================Data=========================================
     56	014E  0FA0*(00)		     Draw_Buf db 4000 dup (0) ;(80d * 25) * 2 bytes
     57	10EE  0FA0*(00)		     Safe_Buf db 4000 dup (0) ;(80d * 25) * 2 bytes
Turbo Assembler	 Version 4.1	    03/05/26 21:39:32	    Page 2
res.asm



     58	      =B800		     _VmemSeg_ equ 0b800h
     59	      =0370		     _VmemPos_ equ (5 *	80d + 40d) * 2
     60	      =000D		     _RegStrLen_ equ 13
     61	      =000D		     _NRegs_  equ 13
     62	      =001A		     _FlagOfs_ equ 26
     63	      =00E1		     _FrmSize_ = (_RegStrLen_ +	2d) * (_NRegs_ + 2d)
     64	      =000B		     color_0 = 0bh
     65	      =0003		     symbol_0 =	03h
     66	208E  41 58 3D		     RegNames	 db 'AX='
     67	2091  42 58 3D				 db 'BX='
     68	2094  43 58 3D				 db 'CX='
     69	2097  44 58 3D				 db 'DX='
     70	209A  53 49 3D				 db 'SI='
     71	209D  44 49 3D				 db 'DI='
     72	20A0  42 50 3D				 db 'BP='
     73	20A3  53 50 3D				 db 'SP='
     74	20A6  44 53 3D				 db 'DS='
     75	20A9  45 53 3D				 db 'ES='
     76	20AC  53 53 3D				 db 'SS='
     77	20AF  43 53 3D				 db 'CS='
     78	20B2  49 50 3D				 db 'IP='
     79
     80	20B5  0014 0012	0010 000E +  RegOffsets	 dw 20,	18, 16,	14, 12,	10, 8, 6, 4, 2,	0, 24, 22
     81	      000C 000A	0008 0006 +
     82	      0004 0002	0000 0018 +
     83	      0016
     84				     ;		    ax	bx  cx	dx  si	di  bp sp ds es	ss cs  ip 13regs
     85	20CF  0001 0040	0080 0800 +  FlagMasks	 dw 01h, 40h, 80h, 800h, 04h, 10h, 200h, 400h, 100h, 0,	0, 0, 0
     86	      0004 0010	0200 0400 +
     87	      0100 0000	0000 0000 +
     88	      0000
     89				     ;		    CF	 ZF   SF    OF	 PF   AF    IF	  DF	TF   9 flags + 4 empty lines
     90
     91	20E9  43 46 3D		     FlagNames	 db 'CF='
     92	20EC  5A 46 3D				 db 'ZF='
     93	20EF  53 46 3D				 db 'SF='
     94	20F2  4F 46 3D				 db 'OF='
     95	20F5  50 46 3D				 db 'PF='
     96	20F8  41 46 3D				 db 'AF='
     97	20FB  49 46 3D				 db 'IF='
     98	20FE  44 46 3D				 db 'DF='
     99	2101  54 46 3D				 db 'TF='
    100				     ;=========================================================================
    101
    102				     ;==============================New_09_Int=================================
    103	2104			     New_09_Int	     proc
    104	2104  50 53 51 52 56 57			     push ax bx	cx dx si di
    105	210A  8B C4				     mov ax, sp
    106	210C  05 0012				     add ax, (12d + 6d)	;6 * 2b	args pushed + 3	* 2b cs, ip, flags
    107	210F  55 50				     push bp ax	;ax - true sp
    108	2111  1E 06 16				     push ds es	ss
    109
    110	2114  FC				     cld
    111	2115  8B EC				     mov bp, sp
    112
    113	2117  B4 12				     mov ah, 12h ;check	lft ctrl press
    114	2119  CD 16				     int 16h
Turbo Assembler	 Version 4.1	    03/05/26 21:39:32	    Page 3
res.asm



    115	211B  A9 0100				     test ax, 0100h ;left ctrl mask
    116	211E  74 10				     jz	@@next
    117
    118	2120  E4 60				     in	al, 60h	;get scancode
    119	2122  3C 22				     cmp al, 22h ;'g' scancode
    120	2124  75 0A				     jne @@next
    121
    122	2126  8C C8				     mov ax, cs
    123	2128  8E D8				     mov ds, ax	;ds = cs
    124	212A  BE 10EEr				     mov si, offset Safe_Buf
    125	212D  E8 018F				     call Write_Vmem ;rewrite vmem
    126
    127	2130  B4 12		     @@next:	     mov ah, 12h ;check	ctrl press
    128	2132  CD 16				     int 16h
    129	2134  A9 0100				     test ax, 0100h ;left ctrl mask
    130	2137  74 1A				     jz	@@exit
    131
    132	2139  E4 60				     in	al, 60h	;get scancode
    133	213B  3C 21				     cmp al, 21h ;'f' scancode
    134	213D  75 14				     jne @@exit
    135
    136	213F  8C C8				     mov ax, cs
    137	2141  8E D8				     mov ds, ax	;ds = cs
    138
    139	2143  8E C0				     mov es, ax	;es = cs
    140	2145  33 F6				     xor si, si
    141	2147  BF 014Er				     mov di, offset Draw_Buf ;write ofs
    142	214A  E8 00B5				     call Write_Draw
    143
    144	214D  BE 014Er				     mov si, offset Draw_Buf
    145	2150  E8 016C				     call Write_Vmem
    146
    147	2153  E4 61		     @@exit:	     in	al, 61h
    148	2155  0C 80				     or	al, 80h
    149	2157  E6 61				     out 61h, al
    150	2159  24 7F				     and al, not 80h
    151	215B  E6 61				     out 61h, al ;blinking ending bit
    152
    153	215D  B0 20				     mov al, 20h
    154	215F  E6 20				     out 20h, al ;send EOI to ppi ctrler
    155
    156	2161  17 07 1F				     pop ss es ds
    157	2164  58 5D				     pop ax bp;	pop and	don't destroying sp and	ax
    158	2166  5F 5E 5A 59 5B 58			     pop di si dx cx bx	ax
    159	216C  EA				     db	0eah
    160	216D  0000				     Old_09_Ofs	dw 0
    161	216F  0000				     Old_09_Seg	dw 0
    162
    163	2171  CF				     iret
    164	2172					     endp
    165				     ;===================================New_09_Int===========================
    166				     ;Entry: es	- buf seg
    167				     ;	     di	- write	offset
    168				     ;Exit:  -
    169				     ;Expected:
    170				     ;Destroyed:
    171				     ;Comment:
Turbo Assembler	 Version 4.1	    03/05/26 21:39:32	    Page 4
res.asm



    172				     ;ToDo:
    173				     ;========================================================================
    174
    175				     ;==============================New_08_Int=================================
    176	2172			     New_08_Int	     proc
    177	2172  50 53 51 52 56 57			     push ax bx	cx dx si di
    178	2178  8B C4				     mov ax, sp
    179	217A  05 0012				     add ax, (12d + 6d)	;6 * 2b	args pushed + 3	* 2b cs, ip, flags
    180	217D  55 50				     push bp ax	;ax - orig sp
    181	217F  1E 06 16				     push ds es	ss
    182
    183	2182  FC				     cld
    184	2183  E8 0039				     call Check_Buff ;rewrite draw and vmem
    185
    186						     ; mov ax, cs
    187						     ; mov ds, ax ;ds =	cs
    188						     ; mov si, offset Draw_Buf
    189						     ; call Write_Vmem ;rewrite	draw buf
    190
    191	2186  B0 20				     mov al, 20h
    192	2188  E6 20				     out 20h, al ;send EOI to int ctrler
    193
    194	218A  17 07 1F				     pop ss es ds
    195	218D  58 5D				     pop ax bp;	pop and	don't destroying sp and	ax
    196	218F  5F 5E 5A 59 5B 58			     pop di si dx cx bx	ax
    197	2195  EA				     db	0eah
    198	2196  0000				     Old_08_Ofs	dw 0
    199	2198  0000				     Old_08_Seg	dw 0
    200
    201	219A  CF				     iret
    202	219B					     endp
    203				     ;===================================New_08_Int===========================
    204				     ;Entry: es:di - buf seg
    205				     ;Exit:  -
    206				     ;Expected:
    207				     ;Destroyed:
    208				     ;Comment:
    209				     ;ToDo:
    210				     ;========================================================================
    211
    212				     ;==============================Copy_Buff=================================
    213	219B			     Copy_Buff	     proc
    214	219B  0E				     push cs
    215
    216	219C  8C C8				     mov ax, cs
    217	219E  8E C0				     mov es, ax
    218	21A0  BF 10EEr				     mov di, offset Safe_Buf
    219
    220	21A3  B8 B800				     mov ax, _VmemSeg_
    221	21A6  8E D8				     mov ds, ax
    222	21A8  BE 04B0				     mov si, _VmemPos_ + (160d * 2) ;pos + scroll 2 lines
    223	21AB  B9 000F				     mov cx, (_NRegs_ +	2d)
    224
    225	21AE  8B D1		     @@nextline:     mov dx, cx	;save cx
    226	21B0  B9 000F				     mov cx, (_RegStrLen_ + 2d)
    227	21B3  F3> A5				     rep movsw ;copy line from ds:si ->	es:di
    228	21B5  8D B4 0082			     lea si, [si + (80d	- _RegStrLen_ -	2d) * 2] ;next line
Turbo Assembler	 Version 4.1	    03/05/26 21:39:32	    Page 5
res.asm



    229	21B9  8B CA				     mov cx, dx
    230	21BB  E2 F1				     loop @@nextline
    231
    232	21BD  1F				     pop ds
    233	21BE  C3				     ret
    234	21BF					     endp
    235				     ;==============================Copy_Buff=================================
    236				     ;Entry:
    237				     ;Exit:
    238				     ;Expected:
    239				     ;Destroyed: ax, di, si, cx, dx
    240				     ;Comment: copy vmem under frame to	buff
    241				     ;ToDo:
    242				     ;========================================================================
    243
    244				     ;==============================Check_Buff================================
    245	21BF			     Check_Buff	     proc
    246
    247	21BF  8C C8				     mov ax, cs
    248	21C1  8E D8				     mov ds, ax	;ds = cs
    249	21C3  BE 014Er				     mov si, offset Draw_Buf
    250	21C6  33 DB				     xor bx, bx
    251
    252	21C8  B8 B800				     mov ax, _VmemSeg_
    253	21CB  8E C0				     mov es, ax
    254	21CD  BF 0370				     mov di, _VmemPos_
    255	21D0  B9 000F				     mov cx, (_NRegs_ +	2d)
    256
    257	21D3  8B D1		     @@lp:	     mov dx, cx	;save cx
    258	21D5  B9 000F				     mov cx, (_RegStrLen_ + 2d)	;line size
    259
    260	21D8  85 C9		     @@checkline:    test cx, cx
    261	21DA  74 1D				     jz	@@equal
    262	21DC  F3> A7				     repe cmpsw	;cmps words in vmem and	draw buf
    263	21DE  74 19				     je	@@equal
    264	21E0  83 EF 02				     sub di, 2d	;word back
    265	21E3  83 EE 02				     sub si, 2d
    266
    267	21E6  26: 8B 05				     mov ax, es:[di] ;get not_equ sym
    268
    269	21E9  89 04				     mov word ptr ds:[si], ax ;fill draw buf
    270	21EB  8D 9C 0FA0			     lea bx, [si + Safe_Buf - Draw_Buf]
    271	21EF  89 07				     mov word ptr ds:[bx], ax ;fill save buf
    272
    273	21F1  83 C7 02				     add di, 2d
    274	21F4  83 C6 02				     add si, 2d
    275	21F7  EB DF				     jmp @@checkline
    276	21F9  8D BD 0082	     @@equal:	     lea di, [di + (80d	- _RegStrLen_ -	2d) * 2] ;nextline
    277	21FD  8B CA				     mov cx, dx	;get cx
    278	21FF  E2 D2				     loop @@lp
    279
    280	2201  C3				     ret
    281	2202					     endp
    282				     ;==============================Check_Buff================================
    283				     ;Entry: -
    284				     ;	     es:di - vmem
    285				     ;	     ds:si - draw buf
Turbo Assembler	 Version 4.1	    03/05/26 21:39:32	    Page 6
res.asm



    286				     ;	     ds:bx - safe buf
    287				     ;Exit:
    288				     ;Expected:
    289				     ;Destroyed: ax, bx, cx, dx, es:di,	si
    290				     ;Comment: comparing vmem under frame with draw_buff
    291				     ;rewrite safe and draw bufs
    292				     ;ToDo:
    293				     ;========================================================================
    294
    295				     ;==============================Write_Draw================================
    296	2202			     Write_Draw	     proc
    297						     STOS_LINE 201, color_0, 1 ;lft corner
1   298	2202  B0 C9				     mov al, 201
1   299	2204  B4 0B				     mov ah, color_0
1   300	2206  B9 0001				     mov cx, 1
1   301	2209  F2> AB				     repne stosw ;ax ->	es:di
    302						     STOS_LINE 205, color_0, _RegStrLen_ ;up line
1   303	220B  B0 CD				     mov al, 205
1   304	220D  B4 0B				     mov ah, color_0
1   305	220F  B9 000D				     mov cx, _RegStrLen_
1   306	2212  F2> AB				     repne stosw ;ax ->	es:di
    307						     STOS_LINE 187, color_0, 1 ;rght corner
1   308	2214  B0 BB				     mov al, 187
1   309	2216  B4 0B				     mov ah, color_0
1   310	2218  B9 0001				     mov cx, 1
1   311	221B  F2> AB				     repne stosw ;ax ->	es:di
    312
    313	221D  B9 000D				     mov cx, _NRegs_
    314	2220  33 DB				     xor bx, bx
    315
    316	2222  8B B7 20B5r	     @@next_reg:     mov si, [bx + RegOffsets] ;stack offset
    317	2226  8B 12				     mov dx, [bp + si] ; dx = cur_reg
    318	2228  E8 0027				     call Write_Reg ;write reg to buf (Reg=0000h)
    319
    320	222B  8B 76 1A				     mov si, [bp + _FlagOfs_]
    321	222E  E8 004E				     call Write_Flag
    322
    323	2231  83 C3 02				     add bx, 2 ;next reg
    324	2234  E2 EC				     loop @@next_reg ; 'AX=0000h'...
    325
    326						     STOS_LINE 200, color_0, 1 ;lft corner
1   327	2236  B0 C8				     mov al, 200
1   328	2238  B4 0B				     mov ah, color_0
1   329	223A  B9 0001				     mov cx, 1
1   330	223D  F2> AB				     repne stosw ;ax ->	es:di
    331						     STOS_LINE 205, color_0, _RegStrLen_ ;dwn line
1   332	223F  B0 CD				     mov al, 205
1   333	2241  B4 0B				     mov ah, color_0
1   334	2243  B9 000D				     mov cx, _RegStrLen_
1   335	2246  F2> AB				     repne stosw ;ax ->	es:di
    336						     STOS_LINE 188, color_0, 1 ;rght corner
1   337	2248  B0 BC				     mov al, 188
1   338	224A  B4 0B				     mov ah, color_0
1   339	224C  B9 0001				     mov cx, 1
1   340	224F  F2> AB				     repne stosw ;ax ->	es:di
    341
    342	2251  C3				     ret
Turbo Assembler	 Version 4.1	    03/05/26 21:39:32	    Page 7
res.asm



    343	2252					     endp
    344				     ;==============================Write_Draw================================
    345				     ;Entry: es:di - write offset
    346				     ;Exit:
    347				     ;Expected:
    348				     ;Destroyed: ax, dx, di, si, cx
    349				     ;Comment: write frame with	reg values to draw_buf
    350				     ;ToDo:
    351				     ;========================================================================
    352
    353				     ;==============================Write_Reg=================================
    354	2252			     Write_Reg	     proc
    355	2252  52 51				     push dx cx
    356
    357						     STOS_LINE 186, color_0, 1 ;1 piece
1   358	2254  B0 BA				     mov al, 186
1   359	2256  B4 0B				     mov ah, color_0
1   360	2258  B9 0001				     mov cx, 1
1   361	225B  F2> AB				     repne stosw ;ax ->	es:di
    362
    363	225D  8B F3				     mov si, bx	;si = 2	* idx
    364	225F  D1 EE				     shr si, 1 ;si = idx
    365	2261  03 F3				     add si, bx	;3 * idx (strlen * reg_idx)
    366	2263  8D B4 208Er			     lea si, [si + RegNames] ;reg_data + strlen	* idx
    367
    368	2267  B9 0003				     mov cx, 3d	;strlen("AX=")
    369	226A  B4 0B				     mov ah, color_0 ;atribute color
    370
    371	226C  AC		     @@lp:	     lodsb ;RegData[i][k] -> al
    372	226D  AB				     stosw ;ax -> draw_buf
    373	226E  E2 FC				     loop @@lp
    374	2270  E8 0066				     call Itoa ;dx -> draw_buf
    375
    376						     STOS_LINE 186, color_0, 1 ;1 piece
1   377	2273  B0 BA				     mov al, 186
1   378	2275  B4 0B				     mov ah, color_0
1   379	2277  B9 0001				     mov cx, 1
1   380	227A  F2> AB				     repne stosw ;ax ->	es:di
    381
    382	227C  59 5A				     pop cx dx
    383	227E  C3				     ret
    384	227F					     endp
    385				     ;==============================Write_Reg=================================
    386				     ;Entry: dx	- reg_value
    387				     ;	     si	- 2*reg_idx
    388				     ;	     es:di - write offset
    389				     ;Exit:  es:di - write offset
    390				     ;Expected:	es = ds
    391				     ;Destroyed: ax, dx, si
    392				     ;Comment: write reg value to draw_buf
    393				     ;ToDo:
    394				     ;========================================================================
    395
    396				     ;================================Write_Flag==============================
    397	227F			     Write_Flag	     proc
    398	227F  51				     push cx
    399
Turbo Assembler	 Version 4.1	    03/05/26 21:39:32	    Page 8
res.asm



    400	2280  B9 0003				     mov cx, 3d	; len of assign	str CF=
    401	2283  8B B7 20CFr			     mov si, [bx + FlagMasks]
    402	2287  85 F6				     test si, si ;if false -> empty str
    403	2289  74 22				     jz	@@fill_space ;no more flags left
    404
    405	228B  8B F3				     mov si, bx	;si = 2	* idx
    406	228D  D1 EE				     shr si, 1 ;si = idx
    407	228F  03 F3				     add si, bx	;3 * idx (strlen * flag_idx)
    408	2291  8D B4 20E9r			     lea si, [si + FlagNames] ;flag_data + strlen * idx
    409	2295  B4 0B				     mov ah, color_0
    410
    411	2297  AC		     @@lp:	     lodsb ;FlagData[i][k] -> al symbol
    412	2298  AB				     stosw ;ax -> draw_buf
    413	2299  E2 FC				     loop @@lp ;CF=
    414
    415	229B  85 97 20CFr			     test dx, [bx + FlagMasks] ;mask with flag reg
    416	229F  75 06				     jnz @@setone ; jmp	when flag set on
    417
    418	22A1  B0 30				     mov al, '0' ;flag val = 0
    419	22A3  AB				     stosw
    420	22A4  EB 0E 90				     jmp @@exit
    421
    422	22A7  B0 31		     @@setone:	     mov al, '1' ; flag_val = 1
    423	22A9  AB				     stosw
    424	22AA  EB 08 90				     jmp @@exit
    425
    426	22AD  32 C0		     @@fill_space:   xor al, al	;black on black
    427	22AF  B4 0B				     mov ah, color_0
    428	22B1  41				     inc cx ;4 spaces
    429	22B2  F2> AB				     repne stosw ;fill str
    430
    431	22B4			     @@exit:	     STOS_LINE 186, color_0, 1 ;1 piece
1   432	22B4  B0 BA				     mov al, 186
1   433	22B6  B4 0B				     mov ah, color_0
1   434	22B8  B9 0001				     mov cx, 1
1   435	22BB  F2> AB				     repne stosw ;ax ->	es:di
    436	22BD  59				     pop cx
    437	22BE  C3				     ret
    438	22BF					     endp
    439				     ;================================Write_Flag==============================
    440				     ;Entry: dx	- flag registr
    441				     ;Exit: es:di
    442				     ;Expected:	es = ds
    443				     ;Destroyed: ax, si
    444				     ;Comment:	write flag value to draw buf
    445				     ;ToDo:
    446				     ;========================================================================
    447
    448				     ;==============================Write_Vmem================================
    449	22BF			     Write_Vmem	     proc
    450	22BF  68 B800				     push _VmemSeg_
    451	22C2  07				     pop es ;vmem seg
    452
    453	22C3  BF 0370				     mov di, _VmemPos_ ; vmem pos
    454	22C6  B9 000F				     mov cx, (_NRegs_ +	2d); size = regstrlen *
    455
    456	22C9  8B D1		     @@vmem:	     mov dx, cx	;save cx
Turbo Assembler	 Version 4.1	    03/05/26 21:39:32	    Page 9
res.asm



    457	22CB  B9 000F				     mov cx, (_RegStrLen_  + 2d)
    458	22CE  F3> A5				     rep movsw
    459	22D0  8D BD 0082			     lea di, [di + (80d	- _RegStrLen_ -	2d) * 2] ;next line
    460	22D4  8B CA				     mov cx, dx
    461	22D6  E2 F1				     loop @@vmem
    462
    463	22D8  C3		     @@exit:	     ret
    464	22D9					     endp
    465				     ;==============================Write_Vmem================================
    466				     ;Entry: si	- buf ofs
    467				     ;Exit:
    468				     ;Expected:
    469				     ;Destroyed: ax, bx, es:di
    470				     ;Comment: write draw_buf to vmem
    471				     ;ToDo:
    472				     ;========================================================================
    473
    474				     ;===================================Itoa=================================
    475	22D9			     Itoa	     proc
    476
    477	22D9  B9 0004				     mov cx, 4d	;4-digits
    478
    479	22DC  8A C6		     @@lp:	     mov al, dh	;cpy dh	to al
    480	22DE  C0 E8 04				     shr al, 4 ; al -> 4bit
    481
    482	22E1  3C 09				     cmp al, 9 ;is
    483	22E3  77 0E				     ja	@@not_digit
    484	22E5  04 30				     add al, 48d ;'0'+ num = ascii
    485
    486	22E7  AB		     @@write_2_buf:  stosw ;
    487	22E8  C1 E2 04				     shl dx, 4 ; dx <- 4bit
    488	22EB  E2 EF				     loop @@lp
    489
    490	22ED  B0 68				     mov al, 'h' ; 0000h
    491	22EF  AB				     stosw
    492	22F0  EB 05 90				     jmp @@exit
    493
    494	22F3  04 37		     @@not_digit:    add al, 55d; num +	('A' - 10) = ascii
    495	22F5  EB F0				     jmp @@write_2_buf
    496
    497	22F7  C3		     @@exit:	     ret
    498	22F8					     endp
    499				     ;===================================Itoa=================================
    500				     ;Entry: es	- buf seg
    501				     ;	     di	- write	offset
    502				     ;	     dx	- value
    503				     ;	     ah	- color	atr
    504				     ;Exit:  es:di - buf_pos
    505				     ;Expected:
    506				     ;Destroyed: al, cx, dx
    507				     ;Comment: convet int to ascii and write res in buf
    508				     ;ToDo:
    509				     ;========================================================================
    510
    511				     ;====================================End=================================
    512	22F8			     End_Of_Prog:
    513				     end	     Start
Turbo Assembler	 Version 4.1	    03/05/26 21:39:32	    Page 10
Symbol Table




Symbol Name			  Type	 Value

??DATE				  Text	 "03/05/26"
??FILENAME			  Text	 "res	  "
??TIME				  Text	 "21:39:32"
??VERSION			  Number 040A
@32BIT				  Text	 0
@@CHECKLINE			  Near	 DGROUP:21D8
@@EQUAL				  Near	 DGROUP:21F9
@@EXIT				  Near	 DGROUP:2153
@@EXIT				  Near	 DGROUP:22B4
@@EXIT				  Near	 DGROUP:22D8
@@EXIT				  Near	 DGROUP:22F7
@@FILL_SPACE			  Near	 DGROUP:22AD
@@LP				  Near	 DGROUP:21D3
@@LP				  Near	 DGROUP:226C
@@LP				  Near	 DGROUP:2297
@@LP				  Near	 DGROUP:22DC
@@NEXT				  Near	 DGROUP:2130
@@NEXTLINE			  Near	 DGROUP:21AE
@@NEXT_REG			  Near	 DGROUP:2222
@@NOT_DIGIT			  Near	 DGROUP:22F3
@@SETONE			  Near	 DGROUP:22A7
@@VMEM				  Near	 DGROUP:22C9
@@WRITE_2_BUF			  Near	 DGROUP:22E7
@CODE				  Text	 DGROUP
@CODESIZE			  Text	 0
@CPU				  Text	 0707H
@CURSEG				  Text	 _TEXT
@DATA				  Text	 DGROUP
@DATASIZE			  Text	 0
@FILENAME			  Text	 RES
@INTERFACE			  Text	 000H
@MODEL				  Text	 1
@STACK				  Text	 DGROUP
@WORDSIZE			  Text	 2
CHECK_BUFF			  Near	 DGROUP:21BF
COLOR_0				  Number 000B
COPY_BUFF			  Near	 DGROUP:219B
DRAW_BUF			  Byte	 DGROUP:014E
END_OF_PROG			  Near	 DGROUP:22F8
FLAGMASKS			  Word	 DGROUP:20CF
FLAGNAMES			  Byte	 DGROUP:20E9
ITOA				  Near	 DGROUP:22D9
MAIN				  Near	 DGROUP:0100
NEW_08_INT			  Near	 DGROUP:2172
NEW_09_INT			  Near	 DGROUP:2104
OLD_08_OFS			  Word	 DGROUP:2196
OLD_08_SEG			  Word	 DGROUP:2198
OLD_09_OFS			  Word	 DGROUP:216D
OLD_09_SEG			  Word	 DGROUP:216F
REGNAMES			  Byte	 DGROUP:208E
REGOFFSETS			  Word	 DGROUP:20B5
SAFE_BUF			  Byte	 DGROUP:10EE
START				  Near	 DGROUP:0100
SYMBOL_0			  Number 0003
Turbo Assembler	 Version 4.1	    03/05/26 21:39:32	    Page 11
Symbol Table



WRITE_DRAW			  Near	 DGROUP:2202
WRITE_FLAG			  Near	 DGROUP:227F
WRITE_REG			  Near	 DGROUP:2252
WRITE_VMEM			  Near	 DGROUP:22BF
_FLAGOFS_			  Number 001A
_FRMSIZE_			  Number 00E1
_NREGS_				  Number 000D
_REGSTRLEN_			  Number 000D
_VMEMPOS_			  Number 0370
_VMEMSEG_			  Number B800

Macro Name

STOS_LINE

Groups & Segments		  Bit Size Align  Combine Class

DGROUP				  Group
  _DATA				  16  0000 Word	  Public  DATA
  _TEXT				  16  22F8 Word	  Public  CODE
